
[TestGemspecFileMatcher_Match - 1]
[
  {
    "name": "base64",
    "version": "0.2.0",
    "blockLocation": {
      "line": {
        "start": 0,
        "end": 0
      },
      "column": {
        "start": 0,
        "end": 0
      },
      "file_name": ""
    },
    "packageManager": "Bundler"
  },
  {
    "name": "json",
    "version": "2.9.1",
    "blockLocation": {
      "line": {
        "start": 0,
        "end": 0
      },
      "column": {
        "start": 0,
        "end": 0
      },
      "file_name": ""
    },
    "packageManager": "Bundler"
  },
  {
    "name": "thor",
    "version": "1.3.2",
    "blockLocation": {
      "line": {
        "start": 23,
        "end": 23
      },
      "column": {
        "start": 3,
        "end": 38
      },
      "file_name": "<rootdir>/fixtures/bundler/gemspec/test.gemspec"
    },
    "versionLocation": {
      "line": {
        "start": 23,
        "end": 23
      },
      "column": {
        "start": 31,
        "end": 38
      },
      "file_name": "<rootdir>/fixtures/bundler/gemspec/test.gemspec"
    },
    "nameLocation": {
      "line": {
        "start": 23,
        "end": 23
      },
      "column": {
        "start": 23,
        "end": 29
      },
      "file_name": "<rootdir>/fixtures/bundler/gemspec/test.gemspec"
    },
    "packageManager": "Bundler"
  },
  {
    "name": "timeout",
    "version": "0.4.3",
    "blockLocation": {
      "line": {
        "start": 24,
        "end": 24
      },
      "column": {
        "start": 3,
        "end": 49
      },
      "file_name": "<rootdir>/fixtures/bundler/gemspec/test.gemspec"
    },
    "versionLocation": {
      "line": {
        "start": 24,
        "end": 24
      },
      "column": {
        "start": 42,
        "end": 49
      },
      "file_name": "<rootdir>/fixtures/bundler/gemspec/test.gemspec"
    },
    "nameLocation": {
      "line": {
        "start": 24,
        "end": 24
      },
      "column": {
        "start": 31,
        "end": 40
      },
      "file_name": "<rootdir>/fixtures/bundler/gemspec/test.gemspec"
    },
    "packageManager": "Bundler"
  },
  {
    "name": "useragent",
    "version": "0.16.11",
    "blockLocation": {
      "line": {
        "start": 25,
        "end": 27
      },
      "column": {
        "start": 3,
        "end": 42
      },
      "file_name": "<rootdir>/fixtures/bundler/gemspec/test.gemspec"
    },
    "versionLocation": {
      "line": {
        "start": 25,
        "end": 27
      },
      "column": {
        "start": 44,
        "end": 42
      },
      "file_name": "<rootdir>/fixtures/bundler/gemspec/test.gemspec"
    },
    "nameLocation": {
      "line": {
        "start": 25,
        "end": 25
      },
      "column": {
        "start": 31,
        "end": 42
      },
      "file_name": "<rootdir>/fixtures/bundler/gemspec/test.gemspec"
    },
    "packageManager": "Bundler"
  },
  {
    "name": "websocket-driver",
    "version": "0.7.7",
    "depGroups": [
      "dev"
    ],
    "blockLocation": {
      "line": {
        "start": 36,
        "end": 36
      },
      "column": {
        "start": 3,
        "end": 53
      },
      "file_name": "<rootdir>/fixtures/bundler/gemspec/test.gemspec"
    },
    "nameLocation": {
      "line": {
        "start": 36,
        "end": 36
      },
      "column": {
        "start": 35,
        "end": 53
      },
      "file_name": "<rootdir>/fixtures/bundler/gemspec/test.gemspec"
    },
    "packageManager": "Bundler"
  },
  {
    "name": "websocket-extensions",
    "version": "0.1.5",
    "depGroups": [
      "dev"
    ],
    "blockLocation": {
      "line": {
        "start": 30,
        "end": 35
      },
      "column": {
        "start": 3,
        "end": 4
      },
      "file_name": "<rootdir>/fixtures/bundler/gemspec/test.gemspec"
    },
    "versionLocation": {
      "line": {
        "start": 30,
        "end": 35
      },
      "column": {
        "start": 59,
        "end": 4
      },
      "file_name": "<rootdir>/fixtures/bundler/gemspec/test.gemspec"
    },
    "nameLocation": {
      "line": {
        "start": 30,
        "end": 30
      },
      "column": {
        "start": 35,
        "end": 57
      },
      "file_name": "<rootdir>/fixtures/bundler/gemspec/test.gemspec"
    },
    "packageManager": "Bundler"
  },
  {
    "name": "zeitwerk",
    "version": "2.7.1",
    "depGroups": [
      "dev"
    ],
    "blockLocation": {
      "line": {
        "start": 29,
        "end": 29
      },
      "column": {
        "start": 3,
        "end": 67
      },
      "file_name": "<rootdir>/fixtures/bundler/gemspec/test.gemspec"
    },
    "versionLocation": {
      "line": {
        "start": 29,
        "end": 29
      },
      "column": {
        "start": 47,
        "end": 67
      },
      "file_name": "<rootdir>/fixtures/bundler/gemspec/test.gemspec"
    },
    "nameLocation": {
      "line": {
        "start": 29,
        "end": 29
      },
      "column": {
        "start": 35,
        "end": 45
      },
      "file_name": "<rootdir>/fixtures/bundler/gemspec/test.gemspec"
    },
    "packageManager": "Bundler"
  }
]
---
